[themesflat.com/html/janelas/home2.html]
[backblue.gif]
[fade.gif]
[index.html]
[themesflat.com/html/janelas/stylesheet/style.css]
[themesflat.com/html/janelas/stylesheet/shortcodes.css]
[themesflat.com/html/janelas/stylesheet/color.css]
[themesflat.com/html/janelas/stylesheet/animate.css]
[themesflat.com/html/janelas/stylesheet/responsive.css]
[cdnjs.cloudflare.com/ajax/libs/font-awesome/5.15.1/css/all.min.css]
[themesflat.com/html/janelas/images/Icon/Favicon.png]
[themesflat.com/html/janelas/index.html]
[themesflat.com/html/janelas/logo/LogoDark.png]
[themesflat.com/html/janelas/page-window.html]
[themesflat.com/html/janelas/page-door.html]
[themesflat.com/html/janelas/page-about.html]
[themesflat.com/html/janelas/about-company-infomation.html]
[themesflat.com/html/janelas/service.html]
[themesflat.com/html/janelas/service-details.html]
[themesflat.com/html/janelas/page-case-study.html]
[themesflat.com/html/janelas/study-details.html]
[themesflat.com/html/janelas/page-gallery.html]
[themesflat.com/html/janelas/page-Request-caculator.html]
[themesflat.com/html/janelas/blog-standard.html]
[themesflat.com/html/janelas/blog-details.html]
[themesflat.com/html/janelas/page-contact.html]
[themesflat.com/html/janelas/images/Services/imgservice1.jpg]
[themesflat.com/html/janelas/images/Blog/Ellipsewindow.png]
[themesflat.com/html/janelas/images/Services/imgservice2.jpg]
[themesflat.com/html/janelas/images/Blog/halfmoonwindow.png]
[themesflat.com/html/janelas/images/Services/imgservice3.jpg]
[themesflat.com/html/janelas/images/Blog/sixpaneldoor.png]
[themesflat.com/html/janelas/images/Secsion/imgabouth2.jpg]
[themesflat.com/html/janelas/images/Tab/img2tab.png]
[themesflat.com/html/janelas/images/Tab/img3tab.png]
[themesflat.com/html/janelas/images/Tab/imgtab1.png]
[themesflat.com/html/janelas/images/Tab/img4tab.png]
[themesflat.com/html/janelas/images/Tab/img5tab.png]
[themesflat.com/html/janelas/images/Tab/img6tab.png]
[themesflat.com/html/janelas/images/Carosel/imgowl1.jpg]
[themesflat.com/html/janelas/images/Carosel/imgowl2.jpg]
[themesflat.com/html/janelas/images/Carosel/imgowl3.jpg]
[themesflat.com/html/janelas/images/Carosel/imgowl4.jpg]
[themesflat.com/html/janelas/images/Secsion/imgtestimonio3.jpg]
[themesflat.com/html/janelas/images/Secsion/imgtestimonio4.jpg]
[themesflat.com/html/janelas/images/Secsion/imgtestimonio5.jpg]
[themesflat.com/html/janelas/images/Blog/imgblog1.jpg]
[themesflat.com/html/janelas/images/Blog/imgblog2.jpg]
[themesflat.com/html/janelas/images/Blog/imgblog3.jpg]
[themesflat.com/html/janelas/images/Secsion/imgquestion.jpg]
[themesflat.com/html/janelas/logo/Logolight.png]
[themesflat.com/cdn-cgi/scripts/5c5dd728/cloudflare-static/email-decode.min.js]
[themesflat.com/html/janelas/javascript/jquery.min.js]
[themesflat.com/html/janelas/javascript/plugins.js]
[themesflat.com/html/janelas/javascript/bootstrap.min.js]
[themesflat.com/html/janelas/javascript/parallax.js]
[themesflat.com/html/janelas/javascript/jquery-countTo.js]
[themesflat.com/html/janelas/javascript/jquery.easing.js]
[themesflat.com/html/janelas/javascript/jquery.cookie.js]
[themesflat.com/html/janelas/javascript/waypoints.min.js]
[themesflat.com/html/janelas/javascript/main.js]
[themesflat.com/html/janelas/javascript/wow.min.js]
[themesflat.com/html/janelas/javascript/owl.carousel.min.js]
[themesflat.com/html/janelas/javascript/animsition.js]
[themesflat.com/html/janelas/rev-slider/js/jquery.themepunch.revolution.min.js]
[themesflat.com/html/janelas/rev-slider/js/jquery.themepunch.tools.min.js]
[themesflat.com/html/janelas/javascript/rev-slider.js]
[themesflat.com/html/janelas/rev-slider/js/extensions/extensionsrevolution.extension.actions.min.js]
[themesflat.com/html/janelas/rev-slider/js/extensions/extensionsrevolution.extension.carousel.min.js]
[themesflat.com/html/janelas/rev-slider/js/extensions/extensionsrevolution.extension.kenburn.min.js]
[themesflat.com/html/janelas/rev-slider/js/extensions/extensionsrevolution.extension.layeranimation.min.js]
[themesflat.com/html/janelas/rev-slider/js/extensions/extensionsrevolution.extension.migration.min.js]
[themesflat.com/html/janelas/rev-slider/js/extensions/extensionsrevolution.extension.navigation.min.js]
[themesflat.com/html/janelas/rev-slider/js/extensions/extensionsrevolution.extension.parallax.min.js]
[themesflat.com/html/janelas/rev-slider/js/extensions/extensionsrevolution.extension.slideanims.min.js]
[themesflat.com/html/janelas/home2.html]
[themesflat.com/html/janelas/rev-slider/js/extensions/extensionsrevolution.extension.video.min.js]
[themesflat.com/html/janelas/stylesheet/flexslider.css]
[themesflat.com/html/janelas/stylesheet/icomoon.css]
[themesflat.com/html/janelas/stylesheet/owl.carousel.min.css]
[themesflat.com/html/janelas/stylesheet/animsition.css]
[themesflat.com/html/janelas/stylesheet/font-awesome.css]
[themesflat.com/html/janelas/stylesheet/bootstrap.css]
[themesflat.com/html/janelas/rev-slider/css/navigation.css]
[themesflat.com/html/janelas/rev-slider/css/settings.css]
[themesflat.com/html/janelas/rev-slider/css/layers.css]
[themesflat.com/html/janelas/images/header/imgheader.jpg]
[themesflat.com/html/janelas/images/header/imgfooter.jpg]
[themesflat.com/html/janelas/stylesheet/style.css]
[themesflat.com/html/janelas/images/Slider/imgbg-slide.jpg]
[themesflat.com/html/janelas/stylesheet/shortcodes.css]
[themesflat.com/html/janelas/stylesheet/color.css]
[themesflat.com/html/janelas/stylesheet/animate.css]
[themesflat.com/html/janelas/stylesheet/responsive.css]
[cdnjs.cloudflare.com/ajax/libs/font-awesome/5.15.1/css/all.min.css]
[themesflat.com/html/janelas/images/header/imgslide.png]
[themesflat.com/html/janelas/images/header/imgleft.png]
[themesflat.com/html/janelas/images/about/imgaboutus.jpg]
[themesflat.com/html/janelas/images/about/imgabout1.png]
[themesflat.com/html/janelas/images/What-we-do/img1home1.jpg]
[themesflat.com/html/janelas/images/What-we-do/img2home1.jpg]
[themesflat.com/html/janelas/images/What-we-do/img3home1.jpg]
[themesflat.com/html/janelas/images/Services/img3home1.jpg]
[themesflat.com/html/janelas/images/Secsion/icon1window.jpg]
[themesflat.com/html/janelas/images/Secsion/icon2window.jpg]
[themesflat.com/html/janelas/images/Secsion/iconcasement.jpg]
[themesflat.com/html/janelas/images/Secsion/icontall.jpg]
[themesflat.com/html/janelas/images/Secsion/iconEllipse.jpg]
[themesflat.com/html/janelas/images/Secsion/iconsliding.jpg]
[themesflat.com/html/janelas/images/Secsion/img1portfolio.jpg]
[themesflat.com/html/janelas/images/Secsion/img2portfolio.jpg]
[themesflat.com/html/janelas/images/Secsion/img3portfolio.jpg]
[themesflat.com/html/janelas/images/Secsion/img4portfolio.jpg]
[themesflat.com/html/janelas/images/Secsion/img5portfolio.jpg]
[themesflat.com/html/janelas/images/Services/image1.jpg]
[themesflat.com/html/janelas/images/Secsion/wooddoor.png]
[themesflat.com/html/janelas/images/Services/img4portfolio.jpg]
[themesflat.com/html/janelas/images/Secsion/imgdoorandfixwindow.png]
[themesflat.com/html/janelas/images/Services/img2portfolio.jpg]
[themesflat.com/html/janelas/images/Secsion/imgfourpaneldoor.png]
[themesflat.com/html/janelas/images/Services/image5.jpg]
[themesflat.com/html/janelas/images/Secsion/doubledoor.png]
[themesflat.com/html/janelas/images/Secsion/imgtestimonio2.jpg]
[themesflat.com/html/janelas/images/Secsion/imgtestimonio1.jpg]
[themesflat.com/html/janelas/images/Carosel/imgslder1.png]
[themesflat.com/html/janelas/images/Carosel/imgslder2.png]
[themesflat.com/html/janelas/images/Carosel/imgslder3.png]
[themesflat.com/html/janelas/images/Carosel/imgslder4.png]
[themesflat.com/html/janelas/images/Carosel/imgslder5.png]
[themesflat.com/html/janelas/index.html]
[themesflat.com/html/janelas/images/Services/imgwindowdoor.jpg]
[themesflat.com/html/janelas/images/Slider/imgsliderdoor.jpg]
[themesflat.com/html/janelas/images/Slider/img2sliderdoor.jpg]
[themesflat.com/html/janelas/images/Slider/imgsliderdoor2.jpg]
[themesflat.com/html/janelas/page-window.html]
[themesflat.com/html/janelas/images/Secsion/imgdoorslider.jpg]
[themesflat.com/html/janelas/page-door.html]
[themesflat.com/html/janelas/images/about/imgabout1.jpg]
[themesflat.com/html/janelas/images/about/imgabout2.jpg]
[themesflat.com/html/janelas/images/about/imgabout3.jpg]
[themesflat.com/html/janelas/page-about.html]
[themesflat.com/html/janelas/images/about/imgabout10.jpg]
[themesflat.com/html/janelas/images/about/imgabout11.jpg]
[themesflat.com/html/janelas/images/about/imgabout12.jpg]
[themesflat.com/html/janelas/images/Team/imgteam1.jpg]
[themesflat.com/html/janelas/images/Team/imgteam2.jpg]
[themesflat.com/html/janelas/images/Team/imgteam3.jpg]
[themesflat.com/html/janelas/images/Team/imgteam4.jpg]
[themesflat.com/html/janelas/about-company-infomation.html]
[themesflat.com/html/janelas/images/Services/imgservice4.jpg]
[themesflat.com/html/janelas/images/Blog/archedwindow.png]
[themesflat.com/html/janelas/images/Services/imgservice5.jpg]
[themesflat.com/html/janelas/images/Blog/servicedoor.png]
[themesflat.com/html/janelas/images/Services/imgservice6.jpg]
[themesflat.com/html/janelas/images/Blog/wooddoor.png]
[themesflat.com/html/janelas/images/Services/img1service.jpg]
[themesflat.com/html/janelas/service.html]
[themesflat.com/html/janelas/images/Blog/imgwigetcontact.jpg]
[themesflat.com/html/janelas/images/Services/imgservice15.jpg]
[themesflat.com/html/janelas/images/Services/imgservice16.jpg]
[themesflat.com/html/janelas/images/Services/Ellipsewindow.png]
[themesflat.com/html/janelas/images/Services/tallwindow.png]
[themesflat.com/html/janelas/images/Services/fourpaneldoor.png]
[themesflat.com/html/janelas/service-details.html]
[themesflat.com/html/janelas/images/Secsion/imgworkman.jpg]
[themesflat.com/html/janelas/images/Secsion/imgdomestic-bathroom.jpg]
[themesflat.com/html/janelas/images/Secsion/imgliving-room3.jpg]
[themesflat.com/html/janelas/images/Secsion/imgliving-room5.jpg]
[themesflat.com/html/janelas/images/Secsion/imgliving-room2.jpg]
[themesflat.com/html/janelas/images/Secsion/imgliving-room.jpg]
[themesflat.com/html/janelas/images/Secsion/imgliving-room1.jpg]
[themesflat.com/html/janelas/images/Secsion/imgliving-room4.jpg]
[themesflat.com/html/janelas/page-case-study.html]
[themesflat.com/html/janelas/images/Secsion/imgstudy1.jpg]
[themesflat.com/html/janelas/images/Secsion/imgcase2.jpg]
[themesflat.com/html/janelas/study-details.html]
[themesflat.com/html/janelas/images/Secsion/imggallery1.jpg]
[themesflat.com/html/janelas/images/Secsion/imggallery4.jpg]
[themesflat.com/html/janelas/images/Secsion/imggallery7.jpg]
[themesflat.com/html/janelas/images/Secsion/imggallery2.jpg]
[themesflat.com/html/janelas/images/Secsion/imggallery5.jpg]
[themesflat.com/html/janelas/images/Secsion/imggallery8.jpg]
[themesflat.com/html/janelas/images/Secsion/imggallery3.jpg]
[themesflat.com/html/janelas/images/Secsion/imggallery6.jpg]
[themesflat.com/html/janelas/images/Secsion/imggallery9.jpg]
[themesflat.com/html/janelas/page-gallery.html]
[themesflat.com/html/janelas/page-Request-caculator.html]
[themesflat.com/html/janelas/images/Blog/blog1.jpg]
[themesflat.com/html/janelas/images/Blog/blog2.jpg]
[themesflat.com/html/janelas/images/Blog/blog3.jpg]
[themesflat.com/html/janelas/images/Blog/blog4.jpg]
[themesflat.com/html/janelas/images/Blog/imgrencen3.jpg]
[themesflat.com/html/janelas/images/Blog/imgrencen2.jpg]
[themesflat.com/html/janelas/images/Blog/imgrencen1.jpg]
[themesflat.com/html/janelas/page-blog-single.html]
[themesflat.com/html/janelas/blog-standard.html]
[themesflat.com/html/janelas/images/Blog/img2blogdetails.jpg]
[themesflat.com/html/janelas/images/Blog/imgblogdetails.jpg]
[themesflat.com/html/janelas/images/Blog/imgcomment1.jpg]
[themesflat.com/html/janelas/images/Blog/imgcomment2.jpg]
[themesflat.com/html/janelas/blog-details.html]
[themesflat.com/html/janelas/page-contact.html]
[themesflat.com/html/janelas/stylesheet/fonts/flexslider-icon.eot]
[themesflat.com/html/janelas/stylesheet/fonts/flexslider-icond41d.eot]
[themesflat.com/html/janelas/stylesheet/fonts/flexslider-icon.woff]
[themesflat.com/html/janelas/stylesheet/fonts/flexslider-icon.ttf]
[themesflat.com/html/janelas/stylesheet/fonts/flexslider-icon.svg]
[themesflat.com/html/janelas/stylesheet/flexslider.css]
[themesflat.com/html/janelas/fonts/icomoon8520.eot]
[themesflat.com/html/janelas/fonts/icomoon8520.ttf]
[themesflat.com/html/janelas/fonts/icomoon8520.woff]
[themesflat.com/html/janelas/stylesheet/icomoon.css]
[themesflat.com/html/janelas/fonts/icomoon8520.svg]
[themesflat.com/html/janelas/stylesheet/owl.video.play.png]
[themesflat.com/html/janelas/stylesheet/owl.carousel.min.css]
[themesflat.com/html/janelas/stylesheet/animsition.css]
[themesflat.com/html/janelas/fonts/fontawesome-webfont3e6e.eot]
[themesflat.com/html/janelas/fonts/fontawesome-webfontd41d.eot]
[themesflat.com/html/janelas/fonts/fontawesome-webfont3e6e.woff]
[themesflat.com/html/janelas/fonts/fontawesome-webfont3e6e.ttf]
[themesflat.com/html/janelas/stylesheet/font-awesome.css]
[themesflat.com/html/janelas/fonts/fontawesome-webfont3e6e.svg]
[themesflat.com/html/janelas/fonts/glyphicons-halflings-regular.eot]
[themesflat.com/html/janelas/fonts/glyphicons-halflings-regulard41d.eot]
[themesflat.com/html/janelas/fonts/glyphicons-halflings-regular.woff2]
[themesflat.com/html/janelas/fonts/glyphicons-halflings-regular.woff]
[themesflat.com/html/janelas/fonts/glyphicons-halflings-regular.ttf]
[themesflat.com/html/janelas/fonts/glyphicons-halflings-regular.svg]
[themesflat.com/html/janelas/stylesheet/bootstrap.css]
[themesflat.com/html/janelas/rev-slider/css/navigation.css]
[themesflat.com/html/janelas/rev-slider/fonts/revicons/revicons90c690c690c6.eot]
[themesflat.com/html/janelas/rev-slider/fonts/revicons/revicons90c690c690c6.woff]
[themesflat.com/html/janelas/rev-slider/fonts/revicons/revicons90c690c690c6.ttf]
[themesflat.com/html/janelas/rev-slider/fonts/revicons/revicons90c690c690c6.svg]
[themesflat.com/html/janelas/rev-slider/css/openhand.123]
[themesflat.com/html/janelas/rev-slider/css/closedhand.123]
[themesflat.com/html/janelas/rev-slider/assets/gridtile.png]
[themesflat.com/html/janelas/rev-slider/assets/gridtile_white.png]
[themesflat.com/html/janelas/rev-slider/assets/gridtile_3x3.png]
[themesflat.com/html/janelas/rev-slider/assets/gridtile_3x3_white.png]
[themesflat.com/html/janelas/rev-slider/assets/coloredbg.png]
[themesflat.com/html/janelas/rev-slider/assets/loader.gif]
[themesflat.com/html/janelas/rev-slider/css/settings.css]
[themesflat.com/html/janelas/rev-slider/css/layers.css]
[themesflat.com/html/janelas/page-blog-single.html]
[themesflat.com/html/janelas/stylesheet/fonts/flexslider-icon.html]
[themesflat.com/html/janelas/stylesheet/fonts/flexslider-icond41d.html]
[themesflat.com/html/janelas/stylesheet/fonts/flexslider-icon-2.html]
[themesflat.com/html/janelas/stylesheet/fonts/flexslider-icon-3.html]
[themesflat.com/html/janelas/stylesheet/fonts/flexslider-icon-4.html]
[themesflat.com/html/janelas/fonts/icomoon8520.svg]
[themesflat.com/html/janelas/stylesheet/owl.video.play.html]
[themesflat.com/html/janelas/fonts/fontawesome-webfont3e6e.html]
[themesflat.com/html/janelas/fonts/fontawesome-webfont3e6e.svg]
[themesflat.com/html/janelas/fonts/glyphicons-halflings-regular.html]
[themesflat.com/html/janelas/fonts/glyphicons-halflings-regulard41d.html]
[themesflat.com/html/janelas/fonts/glyphicons-halflings-regular-2.html]
[themesflat.com/html/janelas/fonts/glyphicons-halflings-regular-3.html]
[themesflat.com/html/janelas/fonts/glyphicons-halflings-regular-4.html]
[themesflat.com/html/janelas/fonts/glyphicons-halflings-regular-5.html]
[themesflat.com/html/janelas/rev-slider/fonts/revicons/revicons90c690c690c6.html]
[themesflat.com/html/janelas/rev-slider/fonts/revicons/revicons90c690c690c6-2.html]
[themesflat.com/html/janelas/rev-slider/fonts/revicons/revicons90c690c690c6-3.html]
[themesflat.com/html/janelas/rev-slider/fonts/revicons/revicons90c690c690c6-4.html]
[themesflat.com/html/janelas/rev-slider/css/openhand.html]
[themesflat.com/html/janelas/rev-slider/css/closedhand.html]
[themesflat.com/html/janelas/rev-slider/assets/gridtile.html]
[themesflat.com/html/janelas/rev-slider/assets/gridtile_white.html]
[themesflat.com/html/janelas/rev-slider/assets/gridtile_3x3.html]
[themesflat.com/html/janelas/rev-slider/assets/gridtile_3x3_white.html]
[themesflat.com/html/janelas/rev-slider/assets/coloredbg.html]
[themesflat.com/html/janelas/rev-slider/assets/loader.html]
